ðŸŒŸ This was machine generated.  Do not edit. ðŸŒŸ

Frame[0] 
Name: system
Dimensions: 5 Fields by 4 Rows
+----------------+-------------------------------+------------------+-----------------+-----------------+
| Name: labels   | Name: time                    | Name: sensor     | Name: sensor2   | Name: state     |
| Labels:        | Labels:                       | Labels:          | Labels:         | Labels:         |
| Type: []string | Type: []time.Time             | Type: []*float64 | Type: []*string | Type: []*string |
+----------------+-------------------------------+------------------+-----------------+-----------------+
| host=A         | 2021-03-22 01:51:30 -0700 PDT | 0                | NaN             | aaa             |
| host=B         | 2021-03-22 01:51:30 -0700 PDT | null             | null            | bbb             |
| host=A         | 2021-03-22 01:51:31 -0700 PDT | null             | null            | ccc             |
| host=B         | 2021-03-22 01:51:31 -0700 PDT | 0                | NaN             | null            |
+----------------+-------------------------------+------------------+-----------------+-----------------+


====== TEST DATA RESPONSE (arrow base64) ======
FRAME=QVJST1cxAAD/////mAIAABAAAAAAAAoADgAMAAsABAAKAAAAFAAAAAAAAAEDAAoADAAAAAgABAAKAAAACAAAAFQAAAACAAAAKAAAAAQAAADw/f//CAAAAAwAAAAAAAAAAAAAAAUAAAByZWZJZAAAABD+//8IAAAAEAAAAAYAAABzeXN0ZW0AAAQAAABuYW1lAAAAAAUAAACoAQAAMAEAANAAAABgAAAABAAAAE7///8UAAAAPAAAADwAAAAAAAUBOAAAAAEAAAAEAAAAbP7//wgAAAAQAAAABQAAAHN0YXRlAAAABAAAAG5hbWUAAAAAAAAAAGT+//8FAAAAc3RhdGUAAACm////FAAAADwAAAA8AAAAAAAFATgAAAABAAAABAAAAMT+//8IAAAAEAAAAAcAAABzZW5zb3IyAAQAAABuYW1lAAAAAAAAAAC8/v//BwAAAHNlbnNvcjIAAAASABgAFAATABIADAAAAAgABAASAAAAFAAAADwAAAA8AAAAAAADATwAAAABAAAABAAAADD///8IAAAAEAAAAAYAAABzZW5zb3IAAAQAAABuYW1lAAAAAAAAAACi////AAACAAYAAABzZW5zb3IAAJ7///8UAAAAPAAAAEQAAAAAAAAKRAAAAAEAAAAEAAAAjP///wgAAAAQAAAABAAAAHRpbWUAAAAABAAAAG5hbWUAAAAAAAAAAAAABgAIAAYABgAAAAAAAwAEAAAAdGltZQAAEgAYABQAAAATAAwAAAAIAAQAEgAAABQAAABEAAAASAAAAAAAAAVEAAAAAQAAAAwAAAAIAAwACAAEAAgAAAAIAAAAEAAAAAYAAABsYWJlbHMAAAQAAABuYW1lAAAAAAAAAAAEAAQABAAAAAYAAABsYWJlbHMAAAAAAAD/////eAEAABQAAAAAAAAADAAWABQAEwAMAAQADAAAANAAAAAAAAAAFAAAAAAAAAMDAAoAGAAMAAgABAAKAAAAFAAAAOgAAAAEAAAAAAAAAAAAAAANAAAAAAAAAAAAAAAAAAAAAAAAAAAAAAAAAAAAGAAAAAAAAAAYAAAAAAAAABgAAAAAAAAAMAAAAAAAAAAAAAAAAAAAADAAAAAAAAAAIAAAAAAAAABQAAAAAAAAAAgAAAAAAAAAWAAAAAAAAAAgAAAAAAAAAHgAAAAAAAAACAAAAAAAAACAAAAAAAAAABgAAAAAAAAAmAAAAAAAAAAIAAAAAAAAAKAAAAAAAAAACAAAAAAAAACoAAAAAAAAABgAAAAAAAAAwAAAAAAAAAAQAAAAAAAAAAAAAAAFAAAABAAAAAAAAAAAAAAAAAAAAAQAAAAAAAAAAAAAAAAAAAAEAAAAAAAAAAIAAAAAAAAABAAAAAAAAAACAAAAAAAAAAQAAAAAAAAAAQAAAAAAAAAAAAAABgAAAAwAAAASAAAAGAAAAAAAAABob3N0PUFob3N0PUJob3N0PUFob3N0PUIANEvZC55uFgA0S9kLnm4WAP7lFAyebhYA/uUUDJ5uFgkAAAAAAAAAAAAAAAAAAAAAAAAAAAAAAAAAAAAAAAAAAAAAAAAAAAAJAAAAAAAAAAAAAAADAAAAAwAAAAMAAAAGAAAAAAAAAE5hTk5hTgAABwAAAAAAAAAAAAAAAwAAAAYAAAAJAAAACQAAAAAAAABhYWFiYmJjY2MAAAAAAAAAEAAAAAwAFAASAAwACAAEAAwAAAAQAAAALAAAADgAAAAAAAMAAQAAAKgCAAAAAAAAgAEAAAAAAADQAAAAAAAAAAAAAAAAAAAAAAAKAAwAAAAIAAQACgAAAAgAAABUAAAAAgAAACgAAAAEAAAA8P3//wgAAAAMAAAAAAAAAAAAAAAFAAAAcmVmSWQAAAAQ/v//CAAAABAAAAAGAAAAc3lzdGVtAAAEAAAAbmFtZQAAAAAFAAAAqAEAADABAADQAAAAYAAAAAQAAABO////FAAAADwAAAA8AAAAAAAFATgAAAABAAAABAAAAGz+//8IAAAAEAAAAAUAAABzdGF0ZQAAAAQAAABuYW1lAAAAAAAAAABk/v//BQAAAHN0YXRlAAAApv///xQAAAA8AAAAPAAAAAAABQE4AAAAAQAAAAQAAADE/v//CAAAABAAAAAHAAAAc2Vuc29yMgAEAAAAbmFtZQAAAAAAAAAAvP7//wcAAABzZW5zb3IyAAAAEgAYABQAEwASAAwAAAAIAAQAEgAAABQAAAA8AAAAPAAAAAAAAwE8AAAAAQAAAAQAAAAw////CAAAABAAAAAGAAAAc2Vuc29yAAAEAAAAbmFtZQAAAAAAAAAAov///wAAAgAGAAAAc2Vuc29yAACe////FAAAADwAAABEAAAAAAAACkQAAAABAAAABAAAAIz///8IAAAAEAAAAAQAAAB0aW1lAAAAAAQAAABuYW1lAAAAAAAAAAAAAAYACAAGAAYAAAAAAAMABAAAAHRpbWUAABIAGAAUAAAAEwAMAAAACAAEABIAAAAUAAAARAAAAEgAAAAAAAAFRAAAAAEAAAAMAAAACAAMAAgABAAIAAAACAAAABAAAAAGAAAAbGFiZWxzAAAEAAAAbmFtZQAAAAAAAAAABAAEAAQAAAAGAAAAbGFiZWxzAADAAgAAQVJST1cx
